{"ball":{"pos":[-5149.683382052669,1049.4897834751187,0.0],"vel":[1.0719061412760502,-3.1153474854980137,0.0]},"bots":[{"obj":{"pos":[5522.207009570587,-158.6256105917604,-3.0145072256923533],"vel":[-0.0,0.0,-1.0089348943138683E-43]},"id":{"number":0,"color":"YELLOW"}},{"obj":{"pos":[-5033.402442932129,3748.748779296875,-0.9979405999183655],"vel":[0.0,0.0,0.0]},"id":{"number":0,"color":"BLUE"}},{"obj":{"pos":[-5694.057464599609,3812.2718334198,-2.4584851264953613],"vel":[0.0,0.0,0.0]},"id":{"number":1,"color":"BLUE"}},{"obj":{"pos":[4048.6488342285156,763.7227177619934,-2.503999948501587],"vel":[-0.0,0.0,0.0]},"id":{"number":4,"color":"YELLOW"}},{"obj":{"pos":[5634.366512298584,-2874.0859031677246,-1.990185022354126],"vel":[-0.0,0.0,0.0]},"id":{"number":4,"color":"BLUE"}},{"obj":{"pos":[-2636.166572570801,-2142.0044898986816,2.7990000247955322],"vel":[0.0,0.0,0.0]},"id":{"number":3,"color":"YELLOW"}},{"obj":{"pos":[5569.189071655273,4282.182693481445,0.43599995970726013],"vel":[0.0,0.0,0.0]},"id":{"number":5,"color":"BLUE"}},{"obj":{"pos":[3926.84268951416,1108.8320016860962,-2.8570001125335693],"vel":[-0.0,0.0,0.0]},"id":{"number":2,"color":"YELLOW"}},{"obj":{"pos":[-5744.744091031993,4281.974875618478,-0.9879999756813049],"vel":[0.0,-0.0,0.0]},"id":{"number":2,"color":"BLUE"}},{"obj":{"pos":[4457.162857055664,3481.952667236328,-2.309572219848633],"vel":[0.0,0.0,0.0]},"id":{"number":1,"color":"YELLOW"}},{"obj":{"pos":[-5471.814155578613,4243.077754974365,-0.9881852269172668],"vel":[0.0,-0.0,0.0]},"id":{"number":3,"color":"BLUE"}},{"obj":{"pos":[-804.1138608721601,3535.9818831176094,0.37474733710467795],"vel":[0.0,0.0,-5.941505488737224E-43]},"id":{"number":8,"color":"YELLOW"}},{"obj":{"pos":[-5757.906086364976,4059.925295039234,2.1710000038146973],"vel":[0.0,0.0,0.0]},"id":{"number":8,"color":"BLUE"}},{"obj":{"pos":[-3916.4905548095703,2233.7217330932617,-0.42750468850135803],"vel":[0.0,-0.0,0.0]},"id":{"number":7,"color":"YELLOW"}},{"obj":{"pos":[5139.0204429626465,4282.182693481445,1.3986445665359497],"vel":[0.0,0.0,0.0]},"id":{"number":9,"color":"BLUE"}},{"obj":{"pos":[4018.197536468506,-464.46043252944946,0.6890465617179871],"vel":[0.0,0.0,0.0]},"id":{"number":6,"color":"YELLOW"}},{"obj":{"pos":[5321.516036987305,4086.6565704345703,0.4909999668598175],"vel":[0.0,0.0,0.0]},"id":{"number":6,"color":"BLUE"}},{"obj":{"pos":[4901.2932777404785,2225.3620624542236,0.42934051156044006],"vel":[0.0,0.0,0.0]},"id":{"number":5,"color":"YELLOW"}},{"obj":{"pos":[-5892.67252459758,4179.248418076138,0.6460000276565552],"vel":[0.0,0.0,0.0]},"id":{"number":7,"color":"BLUE"}},{"obj":{"pos":[-5444.389820098877,3825.6888389587402,8.742277657347586E-8],"vel":[0.0,0.0,0.0]},"id":{"number":10,"color":"YELLOW"}},{"obj":{"pos":[5673.4724044799805,-2013.7691497802734,0.0],"vel":[0.0,0.0,0.0]},"id":{"number":10,"color":"BLUE"}},{"obj":{"pos":[2498.3959197998047,3752.624988555908,0.7577387690544128],"vel":[0.0,0.0,0.0]},"id":{"number":9,"color":"YELLOW"}}]}