{"ball":{"pos":[-22.54258144747377,-2903.971957949617,0.0],"vel":[-2.501048384380034,-0.49261842660932564,0.0]},"bots":[{"obj":{"pos":[5139.0204429626465,4282.182693481445,1.3986445665359497],"vel":[0.0,0.0,0.0]},"id":{"number":9,"color":"BLUE"}},{"obj":{"pos":[-3.197186111970925,4445.176002955448,-0.1409533835549593],"vel":[0.0,-0.0,5.3809861030072976E-43]},"id":{"number":1,"color":"YELLOW"}},{"obj":{"pos":[5534.408338863867,-212.17129110807412,-2.8735550163246004],"vel":[-0.0,0.0,-5.3809861030072976E-43]},"id":{"number":0,"color":"YELLOW"}},{"obj":{"pos":[4893.736775117408,2279.7568428044647,0.28838701228865116],"vel":[0.0,0.0,5.3809861030072976E-43]},"id":{"number":5,"color":"YELLOW"}},{"obj":{"pos":[-5836.806297302246,1896.760106086731,-2.4584851264953613],"vel":[-0.0,0.0,0.0]},"id":{"number":1,"color":"BLUE"}},{"obj":{"pos":[0.0,-4500.0,0.0],"vel":[0.0,0.0,0.0]},"id":{"number":0,"color":"BLUE"}},{"obj":{"pos":[-759.0786814689636,-2176.4023303985596,2.7990000247955322],"vel":[0.0,0.0,0.0]},"id":{"number":3,"color":"YELLOW"}},{"obj":{"pos":[3923.4384516743967,1054.0198134813877,-2.716047835156998],"vel":[-0.0,0.0,-5.3809861030072976E-43]},"id":{"number":2,"color":"YELLOW"}},{"obj":{"pos":[2448.334397178686,3730.0430790198716,0.6167852399803014],"vel":[0.0,0.0,5.3809861030072976E-43]},"id":{"number":9,"color":"YELLOW"}},{"obj":{"pos":[5634.366512298584,-2874.0859031677246,-1.990185022354126],"vel":[-0.0,0.0,0.0]},"id":{"number":4,"color":"BLUE"}},{"obj":{"pos":[-5892.672507884446,4179.248413204604,0.6460000276565552],"vel":[0.0,0.0,0.0]},"id":{"number":7,"color":"BLUE"}},{"obj":{"pos":[3983.4849053881994,-507.0174662250207,0.8300000907920985],"vel":[0.0,0.0,-5.3809861030072976E-43]},"id":{"number":6,"color":"YELLOW"}}]}