{"ball":{"pos":[-2060.1202748922487,3615.022549032367,0.0],"vel":[0.20006225579252598,-2.1698517574841807,0.0]},"bots":[{"obj":{"pos":[-1410.0,-3980.0,1.5707963267948966],"vel":[0.0,0.0,0.0]},"id":{"number":3,"color":"YELLOW"}}]}