{"ball":{"pos":[-5399.710936650968,3654.269387755103,0.0],"vel":[0.0,0.0,0.0]},"bots":[{"obj":{"pos":[-2984.098196029663,-1686.4452362060547,1.088879942893982],"vel":[-0.49740684032440186,-0.03305511921644211,0.0]},"id":{"number":10,"color":"YELLOW"}},{"obj":{"pos":[915.542483329773,893.7835693359375,1.0861214399337769],"vel":[-1.9944846630096436,0.37349000573158264,0.0]},"id":{"number":11,"color":"YELLOW"}},{"obj":{"pos":[-3036.5865230560303,2859.766721725464,-3.0631284713745117],"vel":[-1.1645898818969727,-0.34397435188293457,0.0]},"id":{"number":6,"color":"YELLOW"}},{"obj":{"pos":[-3997.2805976867676,-1406.0266017913818,2.5991194248199463],"vel":[-0.1718583106994629,-1.7302818298339844,0.0]},"id":{"number":7,"color":"YELLOW"}},{"obj":{"pos":[3444.2028999328613,704.7237157821655,2.7855842113494873],"vel":[0.017108306288719177,-1.5071371793746948,0.0]},"id":{"number":8,"color":"YELLOW"}},{"obj":{"pos":[-4622.381210327148,-2399.8279571533203,0.11169353127479553],"vel":[-1.5325781106948853,0.39920350909233093,0.0]},"id":{"number":9,"color":"YELLOW"}},{"obj":{"pos":[-460.40815114974976,2732.3760986328125,0.7300512194633484],"vel":[-0.684022068977356,-0.8598816394805908,0.0]},"id":{"number":3,"color":"YELLOW"}}]}