{"ball":{"pos":[-5209.261204311924,4027.556280641538,0.0],"vel":[2.3807479169536028,-0.5587924547239205,0.0]},"bots":[{"obj":{"pos":[-3813.6926649481234,-1773.2241491563038,2.626273827163962],"vel":[0.0,0.0,4.035739577255473E-43]},"id":{"number":10,"color":"YELLOW"}},{"obj":{"pos":[-3834.3456055648317,-1964.573372982304,2.4579999446868896],"vel":[0.0,0.0,0.0]},"id":{"number":11,"color":"YELLOW"}},{"obj":{"pos":[-1543.0861711502075,2698.5321044921875,-1.0314377546310425],"vel":[0.0,0.0,0.0]},"id":{"number":6,"color":"YELLOW"}},{"obj":{"pos":[-3542.2676834209783,-812.5004536158881,-1.447534634871246],"vel":[0.0,-0.0,1.0089348943138683E-43]},"id":{"number":7,"color":"YELLOW"}},{"obj":{"pos":[3228.9496065950284,-432.9872901793026,-2.996000051498413],"vel":[-0.0,0.0,0.0]},"id":{"number":8,"color":"YELLOW"}},{"obj":{"pos":[-3810.515049492821,1199.6350976585356,0.34444155593652426],"vel":[0.0,0.0,-1.7936620343357659E-43]},"id":{"number":9,"color":"YELLOW"}},{"obj":{"pos":[-5654.01677217552,-1968.9705019121418,-1.0579999685287476],"vel":[0.0,-0.0,0.0]},"id":{"number":3,"color":"YELLOW"}}]}