{"ball":{"pos":[-5059.613713494644,3737.98552405175,0.0],"vel":[0.0,0.0,0.0]},"bots":[{"obj":{"pos":[-1843.4278018305092,-163.09785619446626,1.7701852321624756],"vel":[0.0,0.0,0.0]},"id":{"number":3,"color":"BLUE"}},{"obj":{"pos":[-2138.991117477417,3084.8209857940674,0.22100010514259338],"vel":[-1.3207337856292725,0.7719842195510864,0.0]},"id":{"number":10,"color":"YELLOW"}},{"obj":{"pos":[-3329.523248337983,-673.4266700095242,1.3186488509217775],"vel":[0.0,0.0,4.035739577255473E-43]},"id":{"number":11,"color":"YELLOW"}},{"obj":{"pos":[-4343.783855438232,2725.9061336517334,0.07186880707740784],"vel":[1.9594475030899048,-0.4007064998149872,0.0]},"id":{"number":7,"color":"YELLOW"}},{"obj":{"pos":[3520.9999084472656,1350.9999513626099,2.6570000648498535],"vel":[0.0,0.0,0.0]},"id":{"number":8,"color":"YELLOW"}},{"obj":{"pos":[-5710.411083154974,-3307.9270543946086,1.0379999876022339],"vel":[0.0,0.0,0.0]},"id":{"number":9,"color":"YELLOW"}},{"obj":{"pos":[-5133.955292344537,-2249.844308999085,1.1290192826081882],"vel":[0.0,0.0,0.0]},"id":{"number":3,"color":"YELLOW"}}]}