{"ball":{"pos":[-3457.464088790121,-534.7772580573088,0.0],"vel":[4.050498377744366,-0.9471375900029195,0.0]},"bots":[{"obj":{"pos":[3020.4789638519287,-290.2321517467499,-2.727201461791992],"vel":[0.0,0.0,0.0]},"id":{"number":1,"color":"YELLOW"}}]}