{"ball":{"pos":[-2917.0167452673704,-3078.8316968271706,0.0],"vel":[3.247054995358861,0.1831000273863146,0.0]},"bots":[{"obj":{"pos":[-1000.8423606760562,1423.725348016171,-2.8480000495910645],"vel":[-0.0,0.0,0.0]},"id":{"number":4,"color":"YELLOW"}},{"obj":{"pos":[-3009.4070537688053,2821.1619896903458,-0.04593630179268241],"vel":[0.0,-0.0,1.3452465257518244E-43]},"id":{"number":1,"color":"BLUE"}},{"obj":{"pos":[-3853.7523694158044,2328.3336260130523,-2.418185234069824],"vel":[-0.0,0.0,0.0]},"id":{"number":2,"color":"BLUE"}},{"obj":{"pos":[3332.0000171661377,876.9999742507935,2.8320000171661377],"vel":[0.0,0.0,0.0]},"id":{"number":2,"color":"YELLOW"}},{"obj":{"pos":[-3864.731588978126,2148.447109902235,-2.418185234069824],"vel":[-0.0,0.0,0.0]},"id":{"number":3,"color":"BLUE"}},{"obj":{"pos":[2536.6663932800293,-2003.7508010864258,1.1149998903274536],"vel":[0.0,0.0,0.0]},"id":{"number":3,"color":"YELLOW"}},{"obj":{"pos":[-1266.5010298998423,553.7336653865398,2.197224999111631],"vel":[0.0,0.0,0.0]},"id":{"number":4,"color":"BLUE"}},{"obj":{"pos":[5514.657888220957,113.56918925242834,3.038507155120454],"vel":[0.0,0.0,1.0089348943138683E-43]},"id":{"number":0,"color":"YELLOW"}},{"obj":{"pos":[-2844.699565552437,2632.145873720078,1.6976401327110144],"vel":[0.0,0.0,5.3809861030072976E-43]},"id":{"number":1,"color":"YELLOW"}},{"obj":{"pos":[-5256.944532018883,737.8479377195206,0.6787765604418713],"vel":[0.0,0.0,3.2510124372335756E-43]},"id":{"number":0,"color":"BLUE"}}]}