{"ball":{"pos":[-826.1011860549748,-4060.253663949502,0.0],"vel":[-2.6134644365725133,-0.08624878829966567,0.0]},"bots":[{"obj":{"pos":[-1096.3447093963623,275.8843004703522,-2.025686502456665],"vel":[0.06497563421726227,-0.13750989735126495,0.0]},"id":{"number":3,"color":"BLUE"}},{"obj":{"pos":[-3175.9660243988037,780.5517315864563,-1.5137457847595215],"vel":[-0.08010196685791016,0.13214553892612457,0.0]},"id":{"number":10,"color":"YELLOW"}},{"obj":{"pos":[-3111.412763595581,-3581.50053024292,-1.5137457847595215],"vel":[1.0740690231323242,1.6280726194381714,0.0]},"id":{"number":11,"color":"YELLOW"}},{"obj":{"pos":[-4520.749092102051,2143.547296524048,0.6533202528953552],"vel":[0.08623217791318893,-0.06029754877090454,0.0]},"id":{"number":7,"color":"YELLOW"}},{"obj":{"pos":[3416.409492492676,-1107.8563928604126,-2.6221582889556885],"vel":[-0.020740043371915817,0.03280763328075409,0.0]},"id":{"number":8,"color":"YELLOW"}},{"obj":{"pos":[-5439.305305480957,-4211.917877197266,0.033027563244104385],"vel":[0.8619284629821777,0.16421815752983093,0.0]},"id":{"number":9,"color":"YELLOW"}},{"obj":{"pos":[-3581.2206268310547,-393.92897486686707,-0.905547559261322],"vel":[0.013600863516330719,0.03631824254989624,0.0]},"id":{"number":3,"color":"YELLOW"}}]}