{"ball":{"pos":[-3691.724081438088,-641.1683523654165,0.0],"vel":[0.0,0.0,0.0]},"bots":[{"obj":{"pos":[2585.4344367980957,-125.91995298862457,3.091559410095215],"vel":[3.4956178665161133,0.1750883311033249,0.037298783659935]},"id":{"number":2,"color":"YELLOW"}},{"obj":{"pos":[-5748.723983764648,-24.08401668071747,1.5707963705062866],"vel":[0.0,0.0,0.0]},"id":{"number":0,"color":"BLUE"}},{"obj":{"pos":[-2899.0607261657715,565.9629702568054,-2.5811054706573486],"vel":[-1.7795253992080688,-2.9877278804779053,1.650149941444397]},"id":{"number":3,"color":"YELLOW"}}],"stage":"NORMAL_FIRST_HALF","command":"NORMAL_START"}