{"ball":{"pos":[-2245.100845365754,849.0787874515809,0.0],"vel":[0.0,0.0,0.0]},"bots":[{"obj":{"pos":[2160.0,-4680.0,1.5707963267948966],"vel":[0.0,0.0,0.0]},"id":{"number":6,"color":"BLUE"}},{"obj":{"pos":[2880.0,-4680.0,1.5707963267948966],"vel":[0.0,0.0,0.0]},"id":{"number":8,"color":"BLUE"}},{"obj":{"pos":[-1626.8705129623413,785.4136228561401,3.0389747619628906],"vel":[0.0,0.0,0.0]},"id":{"number":4,"color":"YELLOW"}},{"obj":{"pos":[5100.000858306885,0.0,3.026505470275879],"vel":[0.0,0.0,0.0]},"id":{"number":2,"color":"YELLOW"}},{"obj":{"pos":[-5777.431964874268,-517.9038643836975,1.5707963705062866],"vel":[0.0,0.0,0.0]},"id":{"number":0,"color":"BLUE"}}],"stage":"NORMAL_FIRST_HALF","command":"STOP"}