{"ball":{"pos":[-3691.724081438088,-641.1683523654165,0.0],"vel":[0.0,0.0,0.0]},"bots":[{"obj":{"pos":[5100.000858306885,0.0,-3.0687928199768066],"vel":[0.0,0.0,0.0]},"id":{"number":2,"color":"YELLOW"}},{"obj":{"pos":[-2789.895534515381,-839.9284482002258,-3.0755326747894287],"vel":[0.0,0.0,0.0]},"id":{"number":3,"color":"YELLOW"}},{"obj":{"pos":[-4026.000499725342,851.9999980926514,1.570000171661377],"vel":[0.0,0.0,0.0]},"id":{"number":7,"color":"BLUE"}},{"obj":{"pos":[-4026.9999504089355,1034.9998474121094,1.570000171661377],"vel":[0.0,0.0,0.0]},"id":{"number":8,"color":"BLUE"}},{"obj":{"pos":[-1172.1402406692505,-3479.69126701355,-3.0760934352874756],"vel":[0.0,0.0,0.0]},"id":{"number":6,"color":"YELLOW"}},{"obj":{"pos":[-5748.723983764648,-24.08401668071747,1.5707963705062866],"vel":[0.0,0.0,0.0]},"id":{"number":0,"color":"BLUE"}},{"obj":{"pos":[-3726.602077484131,1019.4858312606812,-3.0680932998657227],"vel":[0.0,0.0,0.0]},"id":{"number":7,"color":"YELLOW"}}],"stage":"NORMAL_FIRST_HALF","command":"STOP"}