{
  "ball": {
    "pos": [
      -1.1333808600711013,
      -1.508313476381059,
      0.0
    ],
    "vel": [
      -1.9878200403706408E-4,
      -0.006831555517458988,
      0.0
    ]
  },
  "bots": [
    {
      "obj": {
        "pos": [
          2819.217486381636,
          -4309.607181791523,
          -1.5617814314292477
        ],
        "vel": [
          -0.019089576644730398,
          -0.0015668834127526479,
          0.061317812670023425
        ]
      },
      "id": {
        "number": 10,
        "color": "BLUE"
      }
    },
    {
      "obj": {
        "pos": [
          3120.4809746546416,
          -4310.569401191028,
          -1.5643586771522013
        ],
        "vel": [
          0.0036958002682059934,
          -0.02263163885788867,
          -0.07033259741039224
        ]
      },
      "id": {
        "number": 9,
        "color": "BLUE"
      }
    },
    {
      "obj": {
        "pos": [
          -2820.656712767037,
          -4310.551747732897,
          -1.5649898487979748
        ],
        "vel": [
          -0.0067932231698856526,
          -0.016429121093027785,
          -0.09103865530355994
        ]
      },
      "id": {
        "number": 10,
        "color": "YELLOW"
      }
    },
    {
      "obj": {
        "pos": [
          3419.782052387313,
          -4310.230504687043,
          -1.5672546280046007
        ],
        "vel": [
          5.515037545162476E-4,
          0.012528456136364713,
          -0.07232240036327886
        ]
      },
      "id": {
        "number": 8,
        "color": "BLUE"
      }
    },
    {
      "obj": {
        "pos": [
          3721.064144672779,
          -4309.0683020996175,
          -1.5649616133485709
        ],
        "vel": [
          0.010924733756449761,
          -0.01083803917962773,
          0.07140228279743245
        ]
      },
      "id": {
        "number": 7,
        "color": "BLUE"
      }
    },
    {
      "obj": {
        "pos": [
          4021.7219977428863,
          -4309.96708520776,
          -1.563102061940749
        ],
        "vel": [
          0.01718010153493412,
          -0.018195337606787102,
          0.06740923923126202
        ]
      },
      "id": {
        "number": 6,
        "color": "BLUE"
      }
    },
    {
      "obj": {
        "pos": [
          -3718.0796679596465,
          -4308.931049897419,
          -1.564406109019378
        ],
        "vel": [
          0.015513258901588573,
          0.010310285208053436,
          0.18970067110903965
        ]
      },
      "id": {
        "number": 7,
        "color": "YELLOW"
      }
    },
    {
      "obj": {
        "pos": [
          4321.679704412519,
          -4309.445592159064,
          -1.5667658667790179
        ],
        "vel": [
          0.02025988250300924,
          0.0021244115521449913,
          -0.28934845958899
        ]
      },
      "id": {
        "number": 5,
        "color": "BLUE"
      }
    },
    {
      "obj": {
        "pos": [
          4621.028836026935,
          -4307.4093765530015,
          -1.5560848143215822
        ],
        "vel": [
          0.015884031581523846,
          0.024103938993841677,
          0.1454873822980758
        ]
      },
      "id": {
        "number": 4,
        "color": "BLUE"
      }
    },
    {
      "obj": {
        "pos": [
          -4020.3758777834355,
          -4308.9485841601345,
          -1.57704748929284
        ],
        "vel": [
          -0.014520295208468172,
          5.791175153175451E-4,
          -0.27990501669231294
        ]
      },
      "id": {
        "number": 6,
        "color": "YELLOW"
      }
    },
    {
      "obj": {
        "pos": [
          -3118.625726983627,
          -4310.377565652246,
          -1.567024848660817
        ],
        "vel": [
          0.0014196970996187242,
          -0.006332256211906092,
          0.08589985224964963
        ]
      },
      "id": {
        "number": 9,
        "color": "YELLOW"
      }
    },
    {
      "obj": {
        "pos": [
          4920.849921339568,
          -4309.714355410019,
          -1.5634966106861528
        ],
        "vel": [
          0.012992830885620879,
          0.009220293718915426,
          0.3242008651117457
        ]
      },
      "id": {
        "number": 3,
        "color": "BLUE"
      }
    },
    {
      "obj": {
        "pos": [
          -3419.8745547692342,
          -4310.512027627481,
          -1.5700179736625655
        ],
        "vel": [
          0.0024510330517229072,
          -0.02021680143789382,
          -0.27932936159256977
        ]
      },
      "id": {
        "number": 8,
        "color": "YELLOW"
      }
    },
    {
      "obj": {
        "pos": [
          5220.37857626971,
          -4310.248973020768,
          -1.5573289240848989
        ],
        "vel": [
          0.005780337634958103,
          -0.007576340574141159,
          0.09601422490680629
        ]
      },
      "id": {
        "number": 2,
        "color": "BLUE"
      }
    },
    {
      "obj": {
        "pos": [
          5520.498251164286,
          -4308.9292274531135,
          -1.561891406054919
        ],
        "vel": [
          0.0011870260444603229,
          0.002787198083748562,
          0.19787985784915446
        ]
      },
      "id": {
        "number": 1,
        "color": "BLUE"
      }
    },
    {
      "obj": {
        "pos": [
          -4918.552665196377,
          -4309.367908488735,
          -1.5635098553623816
        ],
        "vel": [
          0.015727061652253158,
          0.009279221594229305,
          0.1260728833507545
        ]
      },
      "id": {
        "number": 3,
        "color": "YELLOW"
      }
    },
    {
      "obj": {
        "pos": [
          5821.153631791847,
          -4309.796138398555,
          -1.560372572765789
        ],
        "vel": [
          0.0016495918897720453,
          -0.0032165530672756044,
          0.17285567839203625
        ]
      },
      "id": {
        "number": 0,
        "color": "BLUE"
      }
    },
    {
      "obj": {
        "pos": [
          -5219.14366357138,
          -4308.953725150883,
          -1.5599932209973415
        ],
        "vel": [
          0.009107624704502142,
          0.009738527484066584,
          -2.98774587044609E-4
        ]
      },
      "id": {
        "number": 2,
        "color": "YELLOW"
      }
    },
    {
      "obj": {
        "pos": [
          -4319.661370444126,
          -4309.380123942808,
          -1.5681694908265045
        ],
        "vel": [
          -0.011424837872101296,
          0.010031617554113175,
          -0.05083696038681544
        ]
      },
      "id": {
        "number": 5,
        "color": "YELLOW"
      }
    },
    {
      "obj": {
        "pos": [
          -4619.758944329001,
          -4309.789149349632,
          -1.5615778618294016
        ],
        "vel": [
          -0.010487975862998503,
          -0.0044881938664869505,
          0.27735864184373626
        ]
      },
      "id": {
        "number": 4,
        "color": "YELLOW"
      }
    },
    {
      "obj": {
        "pos": [
          -5519.284609867122,
          -4309.396500047624,
          -1.5598160528289928
        ],
        "vel": [
          -0.007864859785767585,
          0.005662013152602962,
          0.015622936245800636
        ]
      },
      "id": {
        "number": 1,
        "color": "YELLOW"
      }
    },
    {
      "obj": {
        "pos": [
          -5819.6210128437915,
          -4310.4496354867215,
          -1.5780255490457535
        ],
        "vel": [
          0.0014475000837365036,
          -0.00641679284391735,
          -0.17544171174879764
        ]
      },
      "id": {
        "number": 0,
        "color": "YELLOW"
      }
    }
  ],
  "stage": "NORMAL_FIRST_HALF",
  "command": "STOP"
}