{"ball":{"pos":[-1177.9573116020515,-2183.9784550895088,0.0],"vel":[-2.2982303393404293,-1.1015207720872067,0.0]},"bots":[{"obj":{"pos":[-2315.8679008483887,-872.5796341896057,2.42997145652771],"vel":[0.0,0.0,0.0]},"id":{"number":3,"color":"YELLOW"}},{"obj":{"pos":[3700.048996614257,1128.744719806929,-2.6800478218055575],"vel":[-0.0,0.0,-5.3809861030072976E-43]},"id":{"number":2,"color":"YELLOW"}},{"obj":{"pos":[-3860.035181045532,-3647.367238998413,0.5429534316062927],"vel":[0.0,0.0,0.0]},"id":{"number":1,"color":"YELLOW"}},{"obj":{"pos":[4562.883487838846,-79.91946772635582,-1.652999997138977],"vel":[-0.0,0.0,0.0]},"id":{"number":0,"color":"YELLOW"}},{"obj":{"pos":[-5497.084617614746,-1963.918685913086,-0.14095337688922882],"vel":[0.0,-0.0,0.0]},"id":{"number":3,"color":"BLUE"}},{"obj":{"pos":[3299.6200283214253,-265.89456218898835,-2.28295223732225],"vel":[-0.0,0.0,5.3809861030072976E-43]},"id":{"number":5,"color":"YELLOW"}},{"obj":{"pos":[-1689.4811007218098,3114.649968584406,-0.1409533835549593],"vel":[0.0,-0.0,5.3809861030072976E-43]},"id":{"number":5,"color":"BLUE"}},{"obj":{"pos":[2051.6860861695905,2999.3379219953804,0.016046640083870287],"vel":[0.0,0.0,5.3809861030072976E-43]},"id":{"number":4,"color":"YELLOW"}},{"obj":{"pos":[-5902.010322278387,-14.643867408413929,-0.1409533835549593],"vel":[0.0,-0.0,5.3809861030072976E-43]},"id":{"number":0,"color":"BLUE"}},{"obj":{"pos":[-5740.90051651001,-2056.7989349365234,0.14095337688922882],"vel":[0.0,0.0,0.0]},"id":{"number":1,"color":"BLUE"}},{"obj":{"pos":[-4646.474519774389,-1903.1085969160358,0.14000000059604645],"vel":[0.0,0.0,0.0]},"id":{"number":2,"color":"BLUE"}}]}