{"ball":{"pos":[-3295.0,-2704.0,0.0],"vel":[0.0,0.0,0.0]},"bots":[{"obj":{"pos":[-4567.0,-1390.0000000000005,0.0],"vel":[0.0,0.0,0.0]},"id":{"number":2,"color":"BLUE"}},{"obj":{"pos":[-3981.0,-1108.0,0.0],"vel":[0.0,0.0,0.0]},"id":{"number":1,"color":"BLUE"}},{"obj":{"pos":[-4123.0,-1291.0,0.0],"vel":[0.0,0.0,0.0]},"id":{"number":4,"color":"BLUE"}},{"obj":{"pos":[-4533.999999999999,-1669.0,0.0],"vel":[0.0,0.0,0.0]},"id":{"number":3,"color":"BLUE"}},{"obj":{"pos":[-4304.0,-1390.0000000000005,0.0],"vel":[0.0,0.0,0.0]},"id":{"number":5,"color":"BLUE"}},{"obj":{"pos":[3683.3560608331113,-1613.8170495260388,-2.5991908047236842],"vel":[-0.0,0.0,0.0]},"id":{"number":5,"color":"YELLOW"}},{"obj":{"pos":[3800.000000000002,-2100.0,0.0],"vel":[0.0,0.0,0.0]},"id":{"number":3,"color":"YELLOW"}},{"obj":{"pos":[3610.3556786086056,-1889.7146880423525,-3.1183481616761326],"vel":[-0.0,0.0,0.0]},"id":{"number":4,"color":"YELLOW"}},{"obj":{"pos":[-2740.6083237368007,-2870.8693383923987,2.1078541732577234],"vel":[0.0,0.0,0.0]},"id":{"number":1,"color":"YELLOW"}},{"obj":{"pos":[-2326.0,1301.0,-0.16600000000000004],"vel":[0.0,-0.0,0.0]},"id":{"number":2,"color":"YELLOW"}},{"obj":{"pos":[-5887.666702270508,-409.53126549720764,0.0],"vel":[0.0,0.0,0.0]},"id":{"number":0,"color":"BLUE"}},{"obj":{"pos":[3837.7216385811885,-2573.4570450600013,-0.2541805765715669],"vel":[0.0,-0.0,0.0]},"id":{"number":0,"color":"YELLOW"}}]}