{"ball":{"pos":[-2615.0,671.0,0.0],"vel":[0.0,0.0,0.0]},"bots":[{"obj":{"pos":[3793.2719726562505,-2292.0053710937505,0.0],"vel":[-4.584897412738138E-15,4.584897412738138E-15,0.0]},"id":{"number":2,"color":"YELLOW"}},{"obj":{"pos":[-1791.0018310546877,1214.0012207031252,0.0],"vel":[2.292448706369069E-15,-2.292448706369069E-15,0.0]},"id":{"number":1,"color":"YELLOW"}},{"obj":{"pos":[3800.0,-2700.0,0.0],"vel":[0.0,0.0,0.0]},"id":{"number":0,"color":"YELLOW"}},{"obj":{"pos":[-3800.0,-2300.0,0.0],"vel":[0.0,0.0,0.0]},"id":{"number":2,"color":"BLUE"}},{"obj":{"pos":[-3771.9750363822145,-2520.9829197616004,0.0],"vel":[-0.0028391945486539536,-0.001940938208822136,0.0]},"id":{"number":1,"color":"BLUE"}},{"obj":{"pos":[-3800.0,-2700.0,0.0],"vel":[0.0,0.0,0.0]},"id":{"number":0,"color":"BLUE"}},{"obj":{"pos":[3800.0,-1700.0,0.0],"vel":[0.0,0.0,0.0]},"id":{"number":5,"color":"YELLOW"}},{"obj":{"pos":[-3800.0,-1700.0,0.0],"vel":[0.0,0.0,0.0]},"id":{"number":5,"color":"BLUE"}},{"obj":{"pos":[3800.0,-1900.0,0.0],"vel":[0.0,0.0,0.0]},"id":{"number":4,"color":"YELLOW"}},{"obj":{"pos":[-3800.0,-1900.0,0.0],"vel":[0.0,0.0,0.0]},"id":{"number":4,"color":"BLUE"}},{"obj":{"pos":[3800.0,-2100.0,0.0],"vel":[0.0,0.0,0.0]},"id":{"number":3,"color":"YELLOW"}},{"obj":{"pos":[-3800.0,-2100.0,0.0],"vel":[0.0,0.0,0.0]},"id":{"number":3,"color":"BLUE"}}]}