{"ball":{"pos":[-3050.0,-2632.0,0.0],"vel":[0.0,0.0,0.0]},"bots":[{"obj":{"pos":[-2500.0,-120.0,0.0],"vel":[0.0,0.0,0.0]},"id":{"number":1,"color":"BLUE"}},{"obj":{"pos":[-2500.0,120.0,0.0],"vel":[0.0,0.0,0.0]},"id":{"number":0,"color":"BLUE"}},{"obj":{"pos":[2500.0,120.0,0.0],"vel":[0.0,0.0,0.0]},"id":{"number":0,"color":"YELLOW"}},{"obj":{"pos":[-2718.0,-2234.0,0.0],"vel":[0.0,0.0,0.0]},"id":{"number":3,"color":"BLUE"}},{"obj":{"pos":[-3285.0,-2846.9999999999995,0.0],"vel":[0.0,0.0,0.0]},"id":{"number":1,"color":"YELLOW"}},{"obj":{"pos":[-2500.0,360.0,0.0],"vel":[0.0,0.0,0.0]},"id":{"number":2,"color":"BLUE"}},{"obj":{"pos":[2500.0,360.0,0.0],"vel":[0.0,0.0,0.0]},"id":{"number":2,"color":"YELLOW"}},{"obj":{"pos":[-2574.0,-2371.0,0.0],"vel":[0.0,0.0,0.0]},"id":{"number":5,"color":"BLUE"}},{"obj":{"pos":[2500.0,-360.0,0.0],"vel":[0.0,0.0,0.0]},"id":{"number":3,"color":"YELLOW"}},{"obj":{"pos":[-2500.0,600.0,0.0],"vel":[0.0,0.0,0.0]},"id":{"number":4,"color":"BLUE"}},{"obj":{"pos":[2500.0,600.0,0.0],"vel":[0.0,0.0,0.0]},"id":{"number":4,"color":"YELLOW"}},{"obj":{"pos":[2500.0,-600.0,0.0],"vel":[0.0,0.0,0.0]},"id":{"number":5,"color":"YELLOW"}}]}