{"ball":{"pos":[3221.1606911744384,-2087.2937953228566,0.0],"vel":[0.0,0.0,0.0]},"bots":[{"obj":{"pos":[-2300.0000000000005,840.0,0.0],"vel":[0.0,0.0,0.0]},"id":{"number":6,"color":"BLUE"}},{"obj":{"pos":[-2312.000036239624,-1898.9999294281006,0.0],"vel":[0.0,0.0,0.0]},"id":{"number":7,"color":"YELLOW"}},{"obj":{"pos":[-2300.0000000000005,-840.0,0.0],"vel":[0.0,0.0,0.0]},"id":{"number":7,"color":"BLUE"}},{"obj":{"pos":[-2302.999973297119,-1645.9999084472656,0.0],"vel":[0.0,0.0,0.0]},"id":{"number":6,"color":"YELLOW"}},{"obj":{"pos":[-2300.0000000000005,600.0,0.0],"vel":[0.0,0.0,0.0]},"id":{"number":4,"color":"BLUE"}},{"obj":{"pos":[-2299.999952316284,-1366.999864578247,0.0],"vel":[0.0,0.0,0.0]},"id":{"number":5,"color":"YELLOW"}},{"obj":{"pos":[-2300.0000000000005,-600.0,0.0],"vel":[0.0,0.0,0.0]},"id":{"number":5,"color":"BLUE"}},{"obj":{"pos":[-2302.999973297119,-1095.9999561309814,0.0],"vel":[0.0,0.0,0.0]},"id":{"number":4,"color":"YELLOW"}},{"obj":{"pos":[-2300.0000000000005,360.0,0.0],"vel":[0.0,0.0,0.0]},"id":{"number":2,"color":"BLUE"}},{"obj":{"pos":[-2315.000057220459,1598.9999771118164,0.0],"vel":[0.0,0.0,0.0]},"id":{"number":3,"color":"YELLOW"}},{"obj":{"pos":[-2300.0000000000005,-360.0,0.0],"vel":[0.0,0.0,0.0]},"id":{"number":3,"color":"BLUE"}},{"obj":{"pos":[-2318.000078201294,1347.000002861023,0.0],"vel":[0.0,0.0,0.0]},"id":{"number":2,"color":"YELLOW"}},{"obj":{"pos":[-2300.0000000000005,120.0,0.0],"vel":[0.0,0.0,0.0]},"id":{"number":0,"color":"BLUE"}},{"obj":{"pos":[-2309.000015258789,1097.000002861023,0.0],"vel":[0.0,0.0,0.0]},"id":{"number":1,"color":"YELLOW"}},{"obj":{"pos":[-2300.0000000000005,-120.0,0.0],"vel":[0.0,0.0,0.0]},"id":{"number":1,"color":"BLUE"}},{"obj":{"pos":[-2069.000005722046,-134.0000033378601,0.0],"vel":[0.0,0.0,0.0]},"id":{"number":0,"color":"YELLOW"}}]}