{"ball":{"pos":[-4610.617480886946,-2926.936315820498,0.0],"vel":[0.0,0.0,0.0]},"bots":[{"obj":{"pos":[-3800.000000000001,-600.0,0.0],"vel":[0.0,0.0,0.0]},"id":{"number":5,"color":"BLUE"}},{"obj":{"pos":[-3800.000000000001,600.0,0.0],"vel":[0.0,0.0,0.0]},"id":{"number":4,"color":"BLUE"}},{"obj":{"pos":[-3800.000000000001,-360.0,0.0],"vel":[0.0,0.0,0.0]},"id":{"number":3,"color":"BLUE"}},{"obj":{"pos":[-3800.000000000001,360.0,0.0],"vel":[0.0,0.0,0.0]},"id":{"number":2,"color":"BLUE"}},{"obj":{"pos":[-3800.000000000001,-120.0,0.0],"vel":[0.0,0.0,0.0]},"id":{"number":1,"color":"BLUE"}},{"obj":{"pos":[-3800.000000000001,120.0,0.0],"vel":[0.0,0.0,0.0]},"id":{"number":0,"color":"BLUE"}},{"obj":{"pos":[3800.000000000001,120.0,0.0],"vel":[0.0,0.0,0.0]},"id":{"number":0,"color":"YELLOW"}},{"obj":{"pos":[3800.000000000001,-120.0,0.0],"vel":[0.0,0.0,0.0]},"id":{"number":1,"color":"YELLOW"}},{"obj":{"pos":[3800.000000000001,600.0,0.0],"vel":[0.0,0.0,0.0]},"id":{"number":4,"color":"YELLOW"}},{"obj":{"pos":[3800.000000000001,-600.0,0.0],"vel":[0.0,0.0,0.0]},"id":{"number":5,"color":"YELLOW"}},{"obj":{"pos":[3800.000000000001,360.0,0.0],"vel":[0.0,0.0,0.0]},"id":{"number":2,"color":"YELLOW"}},{"obj":{"pos":[3800.000000000001,-360.0,0.0],"vel":[0.0,0.0,0.0]},"id":{"number":3,"color":"YELLOW"}},{"obj":{"pos":[-4583.283618790163,-3047.2034048867886,0.0],"vel":[0.0,0.0,0.0]},"id":{"number":6,"color":"YELLOW"}},{"obj":{"pos":[-5365.985314450281,-1260.2528866739933,0.0],"vel":[0.0,0.0,0.0]},"id":{"number":7,"color":"YELLOW"}},{"obj":{"pos":[-3800.000000000001,-840.0,0.0],"vel":[0.0,0.0,0.0]},"id":{"number":7,"color":"BLUE"}},{"obj":{"pos":[-3800.000000000001,840.0,0.0],"vel":[0.0,0.0,0.0]},"id":{"number":6,"color":"BLUE"}}]}