{"ball":{"pos":[-4502.0,640.0,0.0],"vel":[0.0,0.0,0.0]},"bots":[{"obj":{"pos":[899.3528589112784,-42.108835121001064,-3.1359999999999997],"vel":[0.0,-4.9E-323,0.0]},"id":{"number":1,"color":"YELLOW"}},{"obj":{"pos":[4045.082436478575,-0.0041337863070833964,3.141],"vel":[0.0,0.0,0.0]},"id":{"number":0,"color":"YELLOW"}},{"obj":{"pos":[3406.6260259272526,-650.0765391181251,-2.6486725172787473],"vel":[-0.0,0.0,0.0]},"id":{"number":5,"color":"YELLOW"}},{"obj":{"pos":[1811.9999999999998,-676.0,2.957],"vel":[0.0,0.0,0.0]},"id":{"number":4,"color":"YELLOW"}},{"obj":{"pos":[1005.7379162469074,100.3289421382087,3.108],"vel":[-4.9E-324,-7.9E-323,0.0]},"id":{"number":3,"color":"YELLOW"}},{"obj":{"pos":[57.68601730373747,-0.3919099794319625,-3.1389999999999993],"vel":[-0.0,0.0,0.0]},"id":{"number":2,"color":"YELLOW"}},{"obj":{"pos":[-907.7479479863223,38.81855141353338,0.006],"vel":[0.0,1.5E-323,0.0]},"id":{"number":1,"color":"BLUE"}},{"obj":{"pos":[-1019.5824029775578,-104.82420903189885,-0.031],"vel":[-4.9E-324,-1.7E-322,0.0]},"id":{"number":2,"color":"BLUE"}},{"obj":{"pos":[-4051.7150105663263,-0.3118248607402318,0.0],"vel":[0.0,1.5E-323,0.0]},"id":{"number":0,"color":"BLUE"}},{"obj":{"pos":[-3050.0000000000005,247.0,-0.3380000000000001],"vel":[0.0,-0.0,0.0]},"id":{"number":5,"color":"BLUE"}},{"obj":{"pos":[-116.41539267840736,-1.0417745387892505,0.020999999999999998],"vel":[0.0,0.0,0.0]},"id":{"number":3,"color":"BLUE"}},{"obj":{"pos":[-1871.0,828.0000000000002,0.337],"vel":[0.0,0.0,0.0]},"id":{"number":4,"color":"BLUE"}}]}