{"ball":{"pos":[-5563.198817095821,4301.956096268166,0.0],"vel":[0.0,0.0,0.0]},"bots":[{"obj":{"pos":[5400.000095367432,0.0,2.767655372619629],"vel":[0.0,0.0,0.0]},"id":{"number":0,"color":"YELLOW"}},{"obj":{"pos":[-5159.25931930542,-1310.0000619888306,1.642650842666626],"vel":[0.0,0.0,0.0]},"id":{"number":7,"color":"BLUE"}},{"obj":{"pos":[-4690.000057220459,-938.5182857513428,1.735905408859253],"vel":[0.0,0.0,0.0]},"id":{"number":5,"color":"BLUE"}},{"obj":{"pos":[-5883.199214935303,3747.699975967407,1.0471975803375244],"vel":[0.0,0.0,0.0]},"id":{"number":6,"color":"BLUE"}},{"obj":{"pos":[-4963.705062866211,1310.0000619888306,1.7685463428497314],"vel":[0.0,0.0,0.0]},"id":{"number":3,"color":"BLUE"}},{"obj":{"pos":[-5804.445743560791,1310.0000619888306,1.4903385639190674],"vel":[0.0,0.0,0.0]},"id":{"number":4,"color":"BLUE"}},{"obj":{"pos":[-4690.000057220459,742.9637312889099,1.8113937377929688],"vel":[0.0,0.0,0.0]},"id":{"number":1,"color":"BLUE"}},{"obj":{"pos":[-4690.000057220459,-97.77723997831345,1.766716718673706],"vel":[0.0,0.0,0.0]},"id":{"number":2,"color":"BLUE"}},{"obj":{"pos":[-5400.000095367432,0.0,1.6087141036987305],"vel":[0.0,0.0,0.0]},"id":{"number":0,"color":"BLUE"}},{"obj":{"pos":[4690.000057220459,-6.821210322589268E-13,2.744328498840332],"vel":[0.0,0.0,0.0]},"id":{"number":7,"color":"YELLOW"}},{"obj":{"pos":[-5452.064037322998,3671.6792583465576,1.7453292608261108],"vel":[0.0,0.0,0.0]},"id":{"number":6,"color":"YELLOW"}},{"obj":{"pos":[4690.000057220459,-873.3333945274353,2.6741533279418945],"vel":[0.0,0.0,0.0]},"id":{"number":5,"color":"YELLOW"}},{"obj":{"pos":[5126.667022705078,1310.0000619888306,2.8686885833740234],"vel":[0.0,0.0,0.0]},"id":{"number":4,"color":"YELLOW"}},{"obj":{"pos":[3374.979790593212,984.4573233141682,2.78279709815979],"vel":[-0.0,0.0,0.0]},"id":{"number":3,"color":"YELLOW"}},{"obj":{"pos":[5126.667022705078,-1310.0000619888306,2.6581621170043945],"vel":[0.0,0.0,0.0]},"id":{"number":2,"color":"YELLOW"}},{"obj":{"pos":[4690.000057220459,873.3334541320801,2.8188865184783936],"vel":[0.0,0.0,0.0]},"id":{"number":1,"color":"YELLOW"}}]}