{"ball":{"pos":[1442.0327526107776,-5070.495725208963,0.0],"vel":[0.0,0.0,0.0]},"bots":[{"obj":{"pos":[1500.0,300.0,0.0],"vel":[0.0,0.0,0.0]},"id":{"number":0,"color":"YELLOW"}},{"obj":{"pos":[-1500.0,-2100.0,0.0],"vel":[0.0,0.0,0.0]},"id":{"number":7,"color":"BLUE"}},{"obj":{"pos":[-1500.0,-1500.0,0.0],"vel":[0.0,0.0,0.0]},"id":{"number":5,"color":"BLUE"}},{"obj":{"pos":[-1500.0,2100.0,0.0],"vel":[0.0,0.0,0.0]},"id":{"number":6,"color":"BLUE"}},{"obj":{"pos":[-1500.0,-900.0,0.0],"vel":[0.0,0.0,0.0]},"id":{"number":3,"color":"BLUE"}},{"obj":{"pos":[-1500.0,1500.0,0.0],"vel":[0.0,0.0,0.0]},"id":{"number":4,"color":"BLUE"}},{"obj":{"pos":[-1500.0,-300.0,0.0],"vel":[0.0,0.0,0.0]},"id":{"number":1,"color":"BLUE"}},{"obj":{"pos":[-1500.0,900.0,0.0],"vel":[0.0,0.0,0.0]},"id":{"number":2,"color":"BLUE"}},{"obj":{"pos":[-1500.0,300.0,0.0],"vel":[0.0,0.0,0.0]},"id":{"number":0,"color":"BLUE"}},{"obj":{"pos":[1500.0,-2100.0,0.0],"vel":[0.0,0.0,0.0]},"id":{"number":7,"color":"YELLOW"}},{"obj":{"pos":[1500.0,2100.0,0.0],"vel":[0.0,0.0,0.0]},"id":{"number":6,"color":"YELLOW"}},{"obj":{"pos":[1500.0,-1500.0,0.0],"vel":[0.0,0.0,0.0]},"id":{"number":5,"color":"YELLOW"}},{"obj":{"pos":[1500.0,1500.0,0.0],"vel":[0.0,0.0,0.0]},"id":{"number":4,"color":"YELLOW"}},{"obj":{"pos":[1500.0,-900.0,0.0],"vel":[0.0,0.0,0.0]},"id":{"number":3,"color":"YELLOW"}},{"obj":{"pos":[1500.0,900.0,0.0],"vel":[0.0,0.0,0.0]},"id":{"number":2,"color":"YELLOW"}},{"obj":{"pos":[1500.0,-300.0,0.0],"vel":[0.0,0.0,0.0]},"id":{"number":1,"color":"YELLOW"}}]}