{"ball":{"pos":[0.0,0.0,0.0],"vel":[0.0,0.0,0.0]},"bots":[{"obj":{"pos":[-2000.0,-500.0,0.0],"vel":[0.0,0.0,0.0]},"id":{"number":5,"color":"BLUE"}},{"obj":{"pos":[-2000.0,-280.0,0.0],"vel":[0.0,0.0,0.0]},"id":{"number":4,"color":"BLUE"}},{"obj":{"pos":[2000.0,-380.0,3.1409999999999996],"vel":[0.0,0.0,0.0]},"id":{"number":1,"color":"YELLOW"}},{"obj":{"pos":[-2000.0,380.0,0.0],"vel":[0.0,0.0,0.0]},"id":{"number":1,"color":"BLUE"}},{"obj":{"pos":[2000.0,-599.9999999999999,3.141],"vel":[0.0,0.0,0.0]},"id":{"number":0,"color":"YELLOW"}},{"obj":{"pos":[-2000.0,600.0,0.0],"vel":[0.0,0.0,0.0]},"id":{"number":0,"color":"BLUE"}},{"obj":{"pos":[-2000.0,-60.0,0.0],"vel":[0.0,0.0,0.0]},"id":{"number":3,"color":"BLUE"}},{"obj":{"pos":[-2000.0,160.0,0.0],"vel":[0.0,0.0,0.0]},"id":{"number":2,"color":"BLUE"}},{"obj":{"pos":[2000.0,500.0,3.1410000000000005],"vel":[0.0,0.0,0.0]},"id":{"number":5,"color":"YELLOW"}},{"obj":{"pos":[2000.0,280.0,3.141],"vel":[0.0,0.0,0.0]},"id":{"number":4,"color":"YELLOW"}},{"obj":{"pos":[2000.0,60.0,3.141],"vel":[0.0,0.0,0.0]},"id":{"number":3,"color":"YELLOW"}},{"obj":{"pos":[2000.0,-160.0,3.1409999999999996],"vel":[0.0,0.0,0.0]},"id":{"number":2,"color":"YELLOW"}}]}