{"ball":{"pos":[0.0,0.0,0.0],"vel":[0.0,0.0,0.0]},"bots":[{"obj":{"pos":[2545.0,-120.0,0.0],"vel":[0.0,0.0,0.0]},"id":{"number":1,"color":"YELLOW"}},{"obj":{"pos":[2545.0,360.0,0.0],"vel":[0.0,0.0,0.0]},"id":{"number":2,"color":"YELLOW"}},{"obj":{"pos":[2545.0,-360.0,0.0],"vel":[0.0,0.0,0.0]},"id":{"number":3,"color":"YELLOW"}},{"obj":{"pos":[2545.0,600.0,0.0],"vel":[0.0,0.0,0.0]},"id":{"number":4,"color":"YELLOW"}},{"obj":{"pos":[2545.0,120.0,0.0],"vel":[0.0,0.0,0.0]},"id":{"number":0,"color":"YELLOW"}},{"obj":{"pos":[2545.0,-600.0,0.0],"vel":[0.0,0.0,0.0]},"id":{"number":5,"color":"YELLOW"}}]}