{"ball":{"pos":[1474.2059962706255,-913.6146423391064,0.0],"vel":[-5.905188581327267,-2.643794208890344,0.0]},"bots":[{"obj":{"pos":[-4674.0,303.0,0.0],"vel":[0.0,0.0,0.0]},"id":{"number":3,"color":"BLUE"}},{"obj":{"pos":[-4986.0,-1160.0,0.0],"vel":[0.0,0.0,0.0]},"id":{"number":2,"color":"BLUE"}},{"obj":{"pos":[-3875.723000176982,-3288.8173973684466,0.40200000000000014],"vel":[0.0,0.0,0.0]},"id":{"number":1,"color":"YELLOW"}},{"obj":{"pos":[-5260.659434214473,-2606.906280720108,0.0],"vel":[0.0,0.0,0.0]},"id":{"number":1,"color":"BLUE"}},{"obj":{"pos":[4508.000000000001,-78.0,-1.653],"vel":[-0.0,0.0,0.0]},"id":{"number":0,"color":"YELLOW"}},{"obj":{"pos":[-5931.0,32.0,0.0],"vel":[0.0,0.0,0.0]},"id":{"number":0,"color":"BLUE"}},{"obj":{"pos":[-2150.4893251067033,-179.09284686219362,2.516],"vel":[0.0,0.0,0.0]},"id":{"number":3,"color":"YELLOW"}},{"obj":{"pos":[3754.0,1139.0,-2.821],"vel":[-0.0,0.0,0.0]},"id":{"number":2,"color":"YELLOW"}},{"obj":{"pos":[3298.0,-211.00000000000003,-2.1419999999999995],"vel":[-0.0,0.0,0.0]},"id":{"number":5,"color":"YELLOW"}},{"obj":{"pos":[2101.934968703664,3021.500078104203,0.15700000000000003],"vel":[0.0,0.0,0.0]},"id":{"number":4,"color":"YELLOW"}},{"obj":{"pos":[-1664.6432490054221,3163.6315518118868,0.0],"vel":[0.0,0.0,0.0]},"id":{"number":5,"color":"BLUE"}},{"obj":{"pos":[-4830.0,-921.0,0.0],"vel":[0.0,0.0,0.0]},"id":{"number":4,"color":"BLUE"}}]}