{"ball":{"pos":[-3295.0,-2704.0,0.0],"vel":[0.0,0.0,0.0]},"bots":[{"obj":{"pos":[-4382.0,-1265.0000000000002,0.0],"vel":[0.0,0.0,0.0]},"id":{"number":2,"color":"BLUE"}},{"obj":{"pos":[-3981.0,-1108.0,0.0],"vel":[0.0,0.0,0.0]},"id":{"number":1,"color":"BLUE"}},{"obj":{"pos":[-4557.0,8.0,0.0],"vel":[0.0,0.0,0.0]},"id":{"number":0,"color":"BLUE"}},{"obj":{"pos":[-4186.0,-1216.0,0.0],"vel":[0.0,0.0,0.0]},"id":{"number":5,"color":"BLUE"}},{"obj":{"pos":[3837.7216385811885,-2573.4570450600013,-0.2541805765715669],"vel":[0.0,-0.0,0.0]},"id":{"number":0,"color":"YELLOW"}},{"obj":{"pos":[-4020.621557291859,-1294.6435477344176,0.0],"vel":[0.012780984835404602,-0.01456237605842581,0.0]},"id":{"number":4,"color":"BLUE"}},{"obj":{"pos":[-2740.6083237368007,-2870.8693383923987,2.1078541732577234],"vel":[0.0,0.0,-1.46E-321]},"id":{"number":1,"color":"YELLOW"}},{"obj":{"pos":[-4244.999999999999,-1421.0,0.0],"vel":[0.0,0.0,0.0]},"id":{"number":3,"color":"BLUE"}},{"obj":{"pos":[-2326.0,1301.0,-0.16600000000000004],"vel":[0.0,0.0,0.0]},"id":{"number":2,"color":"YELLOW"}},{"obj":{"pos":[3800.0000000000005,-2100.0,0.0],"vel":[0.0,0.0,0.0]},"id":{"number":3,"color":"YELLOW"}},{"obj":{"pos":[3610.3556786086056,-1889.7146880423525,-3.1183481616761326],"vel":[-0.0,0.0,0.0]},"id":{"number":4,"color":"YELLOW"}},{"obj":{"pos":[3683.3560608331113,-1613.8170495260383,-2.5991908047236842],"vel":[-3.0E-323,-2.03E-322,0.0]},"id":{"number":5,"color":"YELLOW"}}]}