{"ball":{"pos":[719.9970584663375,-1557.2669965078494,0.0],"vel":[-3.230058657594522,-0.8988939735843001,0.0]},"bots":[{"obj":{"pos":[-569.0000000000001,-405.0,0.0],"vel":[0.0,0.0,0.0]},"id":{"number":3,"color":"BLUE"}},{"obj":{"pos":[-3800.0000000000014,-2300.0000000000014,0.0],"vel":[0.0,0.0,0.0]},"id":{"number":2,"color":"BLUE"}},{"obj":{"pos":[-1265.0000000000005,700.0000000000003,0.0],"vel":[0.0,0.0,0.0]},"id":{"number":5,"color":"BLUE"}},{"obj":{"pos":[-1109.9999999999998,981.0,-2.576],"vel":[-0.0,0.0,0.0]},"id":{"number":5,"color":"YELLOW"}},{"obj":{"pos":[-857.0,-321.0,0.0],"vel":[0.0,0.0,0.0]},"id":{"number":4,"color":"BLUE"}},{"obj":{"pos":[4060.712324746758,-558.8605355139297,-1.339814163318909],"vel":[-4.9E-323,-1.0E-323,0.0]},"id":{"number":0,"color":"YELLOW"}},{"obj":{"pos":[-622.6198132521171,-79.34569876757666,-0.17586938744292946],"vel":[0.0,-0.0,-2.77E-322]},"id":{"number":4,"color":"YELLOW"}},{"obj":{"pos":[-1880.2928747530127,-366.34830903227186,2.804],"vel":[0.0,0.0,0.0]},"id":{"number":3,"color":"YELLOW"}},{"obj":{"pos":[-1051.9322287329387,1191.7328184335536,-2.2921318959710755],"vel":[-0.0,0.0,0.0]},"id":{"number":2,"color":"YELLOW"}},{"obj":{"pos":[-1821.0000000000002,-580.0000000000001,0.0],"vel":[0.0,0.0,0.0]},"id":{"number":1,"color":"BLUE"}},{"obj":{"pos":[-3586.0060714851443,-2818.9938948173276,0.7401306125570699],"vel":[0.0,0.0,-2.77E-322]},"id":{"number":1,"color":"YELLOW"}},{"obj":{"pos":[-2148.0,-502.0,0.0],"vel":[0.0,0.0,0.0]},"id":{"number":0,"color":"BLUE"}}]}