{"ball":{"pos":[2016.588940004398,1085.2674157303372,0.0],"vel":[0.0,0.0,0.0]},"bots":[{"obj":{"pos":[5400.000095367432,0.0,2.8311991691589355],"vel":[0.0,0.0,0.0]},"id":{"number":0,"color":"YELLOW"}},{"obj":{"pos":[-4952.000141143799,-1310.0000619888306,0.3310723304748535],"vel":[0.0,0.0,0.0]},"id":{"number":7,"color":"BLUE"}},{"obj":{"pos":[-4690.000057220459,-524.0000486373901,0.23550072312355042],"vel":[0.0,0.0,0.0]},"id":{"number":5,"color":"BLUE"}},{"obj":{"pos":[-4952.000141143799,1310.0000619888306,-0.0322381928563118],"vel":[0.0,0.0,0.0]},"id":{"number":6,"color":"BLUE"}},{"obj":{"pos":[-3211.9582218874407,282.93182224331724,0.10113426297903061],"vel":[0.0,-0.0,0.0]},"id":{"number":3,"color":"BLUE"}},{"obj":{"pos":[-4690.000057220459,524.0000486373901,0.0834943875670433],"vel":[0.0,0.0,0.0]},"id":{"number":4,"color":"BLUE"}},{"obj":{"pos":[1415.1856899261475,866.3746118545532,0.3490658402442932],"vel":[0.0,0.0,0.0]},"id":{"number":1,"color":"BLUE"}},{"obj":{"pos":[-3238.1182450977276,476.16912919469235,0.17072910070419312],"vel":[0.0,-0.0,0.0]},"id":{"number":2,"color":"BLUE"}},{"obj":{"pos":[-5400.000095367432,0.0,0.14529851078987122],"vel":[0.0,0.0,0.0]},"id":{"number":0,"color":"BLUE"}},{"obj":{"pos":[5039.365291595459,-1310.0000619888306,2.471498966217041],"vel":[0.0,0.0,0.0]},"id":{"number":7,"color":"YELLOW"}},{"obj":{"pos":[5277.301788330078,1310.0000619888306,-3.072780132293701],"vel":[0.0,0.0,0.0]},"id":{"number":6,"color":"YELLOW"}},{"obj":{"pos":[4690.000057220459,-698.7298727035522,2.5531439781188965],"vel":[0.0,0.0,0.0]},"id":{"number":5,"color":"YELLOW"}},{"obj":{"pos":[4690.000057220459,1174.6035814285278,-3.1081886291503906],"vel":[0.0,0.0,0.0]},"id":{"number":4,"color":"YELLOW"}},{"obj":{"pos":[4690.000057220459,261.9052529335022,2.8428292274475098],"vel":[0.0,0.0,0.0]},"id":{"number":3,"color":"YELLOW"}},{"obj":{"pos":[4690.000057220459,451.9052803516388,2.9089698791503906],"vel":[0.0,0.0,0.0]},"id":{"number":2,"color":"YELLOW"}},{"obj":{"pos":[2617.992401123047,1304.1603565216064,-2.7925267219543457],"vel":[0.0,0.0,0.0]},"id":{"number":1,"color":"YELLOW"}}]}